// Jest Snapshot v1, https://goo.gl/fbAQLP

exports[`MyRecipesPage Snapshot Test 1`] = `
<RCTScrollView
  style={
    Object {
      "height": "100%",
    }
  }
>
  <View>
    <View
      style={
        Object {
          "display": "flex",
          "justifyContent": "center",
          "marginVertical": 12,
        }
      }
    >
      <Text
        style={
          Object {
            "fontSize": 50,
            "textAlign": "center",
          }
        }
      >
        My Recipes
      </Text>
    </View>
    <View>
      <View
        accessible={true}
        collapsable={false}
        focusable={false}
        onClick={[Function]}
        onResponderGrant={[Function]}
        onResponderMove={[Function]}
        onResponderRelease={[Function]}
        onResponderTerminate={[Function]}
        onResponderTerminationRequest={[Function]}
        onStartShouldSetResponder={[Function]}
        style={
          Object {
            "alignItems": "center",
            "borderColor": "#222",
            "borderRadius": 10,
            "borderStyle": "solid",
            "borderWidth": 2,
            "display": "flex",
            "flexDirection": "row",
            "marginBottom": 12,
            "marginLeft": 12,
            "marginRight": 12,
            "marginTop": 12,
            "opacity": 1,
            "paddingBottom": 10,
            "paddingLeft": 10,
            "paddingRight": 10,
            "paddingTop": 10,
          }
        }
      >
        <Image
          source={
            Object {
              "testUri": "../../../resources/platzhalter.png",
            }
          }
          style={
            Array [
              Object {
                "backgroundColor": "#68a0cf",
                "borderColor": "#fff",
                "borderRadius": 10,
                "borderWidth": 1,
                "height": 100,
                "paddingBottom": 20,
                "paddingTop": 20,
                "width": 100,
              },
            ]
          }
        />
        <Text
          style={
            Array [
              Object {
                "fontSize": 30,
                "marginLeft": 12,
                "textAlign": "center",
              },
            ]
          }
        >
          All Recipes
        </Text>
      </View>
      <View
        accessible={true}
        collapsable={false}
        focusable={false}
        onClick={[Function]}
        onResponderGrant={[Function]}
        onResponderMove={[Function]}
        onResponderRelease={[Function]}
        onResponderTerminate={[Function]}
        onResponderTerminationRequest={[Function]}
        onStartShouldSetResponder={[Function]}
        style={
          Object {
            "alignItems": "center",
            "borderColor": "#222",
            "borderRadius": 10,
            "borderStyle": "solid",
            "borderWidth": 2,
            "display": "flex",
            "flexDirection": "row",
            "marginBottom": 12,
            "marginLeft": 12,
            "marginRight": 12,
            "marginTop": 12,
            "opacity": 1,
            "paddingBottom": 10,
            "paddingLeft": 10,
            "paddingRight": 10,
            "paddingTop": 10,
          }
        }
      >
        <Text
          allowFontScaling={false}
          style={
            Array [
              Object {
                "color": "#FF0000",
                "fontSize": 100,
              },
              undefined,
              Object {
                "fontFamily": "Feather",
                "fontStyle": "normal",
                "fontWeight": "normal",
              },
              Object {},
            ]
          }
        >
          ÔÜÅ
        </Text>
        <Text
          style={
            Array [
              Object {
                "fontSize": 30,
                "marginLeft": 12,
                "textAlign": "center",
              },
            ]
          }
        >
          Favorites
        </Text>
      </View>
      <View
        style={
          Array [
            Object {
              "marginBottom": 12,
              "marginLeft": 12,
              "marginRight": 12,
              "marginTop": 12,
            },
          ]
        }
      />
      <View
        accessible={true}
        collapsable={false}
        focusable={false}
        onClick={[Function]}
        onResponderGrant={[Function]}
        onResponderMove={[Function]}
        onResponderRelease={[Function]}
        onResponderTerminate={[Function]}
        onResponderTerminationRequest={[Function]}
        onStartShouldSetResponder={[Function]}
        style={
          Object {
            "alignItems": "center",
            "borderColor": "#222",
            "borderRadius": 10,
            "borderStyle": "solid",
            "borderWidth": 2,
            "display": "flex",
            "flexDirection": "row",
            "height": 120,
            "marginBottom": 12,
            "marginLeft": 12,
            "marginRight": 12,
            "marginTop": 12,
            "opacity": 1,
            "paddingBottom": 12,
            "paddingLeft": 12,
            "paddingRight": 12,
            "paddingTop": 12,
          }
        }
      >
        <Image
          source={
            Object {
              "uri": "thumbnail-url-1",
            }
          }
          style={
            Array [
              Object {
                "backgroundColor": "#68a0cf",
                "borderColor": "#fff",
                "borderRadius": 10,
                "borderWidth": 1,
                "height": 100,
                "paddingBottom": 20,
                "paddingTop": 20,
                "width": 100,
              },
            ]
          }
        />
        <Text
          ellipsizeMode="middle"
          numberOfLines={2}
          style={
            Array [
              Object {
                "fontSize": 30,
                "marginLeft": 12,
                "maxWidth": "70%",
                "textAlign": "center",
              },
            ]
          }
        >
          cookbook-name-1
        </Text>
      </View>
      <View
        accessible={true}
        collapsable={false}
        focusable={false}
        onClick={[Function]}
        onResponderGrant={[Function]}
        onResponderMove={[Function]}
        onResponderRelease={[Function]}
        onResponderTerminate={[Function]}
        onResponderTerminationRequest={[Function]}
        onStartShouldSetResponder={[Function]}
        style={
          Object {
            "alignItems": "center",
            "borderColor": "#222",
            "borderRadius": 10,
            "borderStyle": "solid",
            "borderWidth": 2,
            "display": "flex",
            "flexDirection": "row",
            "height": 120,
            "marginBottom": 12,
            "marginLeft": 12,
            "marginRight": 12,
            "marginTop": 12,
            "opacity": 1,
            "paddingBottom": 12,
            "paddingLeft": 12,
            "paddingRight": 12,
            "paddingTop": 12,
          }
        }
      >
        <Image
          source={
            Object {
              "uri": "thumbnail-url-2",
            }
          }
          style={
            Array [
              Object {
                "backgroundColor": "#68a0cf",
                "borderColor": "#fff",
                "borderRadius": 10,
                "borderWidth": 1,
                "height": 100,
                "paddingBottom": 20,
                "paddingTop": 20,
                "width": 100,
              },
            ]
          }
        />
        <Text
          ellipsizeMode="middle"
          numberOfLines={2}
          style={
            Array [
              Object {
                "fontSize": 30,
                "marginLeft": 12,
                "maxWidth": "70%",
                "textAlign": "center",
              },
            ]
          }
        >
          cookbook-name-2
        </Text>
      </View>
    </View>
  </View>
</RCTScrollView>
`;
