// Jest Snapshot v1, https://goo.gl/fbAQLP

exports[`RecipeDetailsPage RecipeDetailsPage Snapshot Test 1`] = `
<RCTScrollView>
  <View>
    <View>
      <Text
        style={
          Array [
            Object {
              "fontSize": 40,
              "textAlign": "center",
            },
          ]
        }
      >
        recipe-title
      </Text>
      <Text
        style={
          Array [
            Object {
              "textAlign": "center",
            },
          ]
        }
      >
        owner-name
      </Text>
    </View>
    <View
      style={
        Array [
          Object {
            "height": 300,
            "marginBottom": 12,
            "marginLeft": 12,
            "marginRight": 12,
            "marginTop": 12,
          },
        ]
      }
    >
      <Image
        source={
          Object {
            "uri": undefined,
          }
        }
        style={
          Array [
            Object {
              "backgroundColor": "#68a0cf",
              "borderColor": "#fff",
              "borderRadius": 10,
              "borderWidth": 1,
              "height": "100%",
              "paddingBottom": 20,
              "paddingTop": 20,
              "width": "100%",
            },
          ]
        }
      />
    </View>
    <View
      style={
        Array [
          Object {
            "alignItems": "flex-end",
            "display": "flex",
            "flexDirection": "row",
            "marginBottom": 12,
            "marginLeft": 12,
            "marginRight": 12,
            "marginTop": 12,
          },
        ]
      }
    >
      <View
        style={
          Array [
            Object {
              "alignItems": "flex-end",
              "display": "flex",
              "flexDirection": "row",
            },
          ]
        }
      >
        <View
          pointerEvents="auto"
          style={
            Array [
              Object {
                "paddingTop": 12,
                "width": 200,
              },
            ]
          }
        >
          <View
            onMoveShouldSetResponder={[Function]}
            onMoveShouldSetResponderCapture={[Function]}
            onResponderEnd={[Function]}
            onResponderGrant={[Function]}
            onResponderMove={[Function]}
            onResponderReject={[Function]}
            onResponderRelease={[Function]}
            onResponderStart={[Function]}
            onResponderTerminate={[Function]}
            onResponderTerminationRequest={[Function]}
            onStartShouldSetResponder={[Function]}
            onStartShouldSetResponderCapture={[Function]}
            style={
              Object {
                "alignItems": "center",
                "flexDirection": "row",
                "justifyContent": "center",
              }
            }
          >
            <View
              onLayout={[Function]}
              style={
                Object {
                  "alignItems": "center",
                  "bottom": 0,
                  "flexDirection": "row",
                  "justifyContent": "center",
                  "left": 0,
                  "position": "absolute",
                  "right": 0,
                  "top": 0,
                }
              }
            >
              <View
                collapsable={false}
                style={
                  Object {
                    "backgroundColor": "#f1c40f",
                    "height": 30,
                    "width": 75,
                  }
                }
              />
              <View
                collapsable={false}
                style={
                  Object {
                    "backgroundColor": "white",
                    "height": 30,
                    "width": 75,
                  }
                }
              />
            </View>
            <View>
              <Image
                source={
                  Object {
                    "testUri": "../../react-native-ratings/dist/images/star.png",
                  }
                }
                style={
                  Object {
                    "height": 30,
                    "tintColor": "#F3F3F3",
                    "width": 30,
                  }
                }
              />
            </View>
            <View>
              <Image
                source={
                  Object {
                    "testUri": "../../react-native-ratings/dist/images/star.png",
                  }
                }
                style={
                  Object {
                    "height": 30,
                    "tintColor": "#F3F3F3",
                    "width": 30,
                  }
                }
              />
            </View>
            <View>
              <Image
                source={
                  Object {
                    "testUri": "../../react-native-ratings/dist/images/star.png",
                  }
                }
                style={
                  Object {
                    "height": 30,
                    "tintColor": "#F3F3F3",
                    "width": 30,
                  }
                }
              />
            </View>
            <View>
              <Image
                source={
                  Object {
                    "testUri": "../../react-native-ratings/dist/images/star.png",
                  }
                }
                style={
                  Object {
                    "height": 30,
                    "tintColor": "#F3F3F3",
                    "width": 30,
                  }
                }
              />
            </View>
            <View>
              <Image
                source={
                  Object {
                    "testUri": "../../react-native-ratings/dist/images/star.png",
                  }
                }
                style={
                  Object {
                    "height": 30,
                    "tintColor": "#F3F3F3",
                    "width": 30,
                  }
                }
              />
            </View>
          </View>
        </View>
        <Text
          style={
            Array [
              Object {
                "fontSize": 20,
                "paddingTop": 12,
              },
            ]
          }
        >
          3.7
        </Text>
        <Text
          allowFontScaling={false}
          style={
            Array [
              Object {
                "color": "#F1C40F",
                "fontSize": 20,
              },
              Array [
                Object {
                  "paddingTop": 12,
                },
              ],
              Object {
                "fontFamily": "Feather",
                "fontStyle": "normal",
                "fontWeight": "normal",
              },
              Object {},
            ]
          }
        >
          
        </Text>
        <Text
          style={
            Array [
              Object {
                "fontSize": 10,
                "paddingTop": 12,
              },
            ]
          }
        >
          (17)
        </Text>
      </View>
      <Text
        allowFontScaling={false}
        onPress={[Function]}
        style={
          Array [
            Object {
              "color": "#222",
              "fontSize": 35,
            },
            undefined,
            Object {
              "fontFamily": "Feather",
              "fontStyle": "normal",
              "fontWeight": "normal",
            },
            Object {},
          ]
        }
      >
        
      </Text>
    </View>
    <View
      style={
        Array [
          Object {
            "display": "flex",
            "flexDirection": "row",
            "flexWrap": "wrap",
            "gap": 12,
            "justifyContent": "space-between",
            "marginBottom": 12,
            "marginLeft": 12,
            "marginRight": 12,
            "marginTop": 12,
          },
        ]
      }
    >
      <View
        style={
          Array [
            Object {
              "borderColor": "#fff",
              "borderRadius": 10,
              "borderWidth": 1,
              "justifyContent": "center",
              "width": "49%",
            },
          ]
        }
      >
        <Text
          style={
            Array [
              Object {
                "fontSize": 18,
                "paddingBottom": 12,
                "paddingLeft": 12,
                "paddingRight": 12,
                "paddingTop": 12,
              },
            ]
          }
        >
          Duration: 25 min
        </Text>
      </View>
      <View
        style={
          Array [
            Object {
              "borderColor": "#fff",
              "borderRadius": 10,
              "borderWidth": 1,
              "justifyContent": "center",
              "width": "49%",
            },
          ]
        }
      >
        <Text
          style={
            Array [
              Object {
                "fontSize": 18,
                "paddingBottom": 12,
                "paddingLeft": 12,
                "paddingRight": 12,
                "paddingTop": 12,
              },
            ]
          }
        >
          Difficulty: 2
        </Text>
      </View>
      <View
        style={
          Array [
            Object {
              "width": 150,
            },
            Object {
              "borderColor": "#fff",
              "borderRadius": 10,
              "borderWidth": 1,
              "marginTop": 12,
              "width": "49%",
            },
          ]
        }
      >
        <Text
          style={
            Array [
              Object {
                "fontSize": 18,
                "paddingBottom": 12,
                "paddingLeft": 12,
                "paddingRight": 12,
                "paddingTop": 12,
              },
            ]
          }
        >
          Portions: 4
        </Text>
      </View>
    </View>
    <View
      style={
        Array [
          Object {
            "borderColor": "#fff",
            "borderRadius": 10,
            "borderWidth": 1,
            "justifyContent": "center",
            "marginBottom": 12,
            "marginLeft": 12,
            "marginRight": 12,
            "marginTop": 12,
          },
        ]
      }
    >
      <Text
        style={
          Array [
            Object {
              "fontSize": 18,
              "paddingBottom": 12,
              "paddingLeft": 12,
              "paddingRight": 12,
              "paddingTop": 12,
            },
          ]
        }
      >
        Ingredients:
mehl
zucker
      </Text>
    </View>
    <View
      style={
        Array [
          Object {
            "borderColor": "#fff",
            "borderRadius": 10,
            "borderWidth": 1,
            "justifyContent": "center",
            "marginBottom": 12,
            "marginLeft": 12,
            "marginRight": 12,
            "marginTop": 12,
          },
        ]
      }
    >
      <Text
        style={
          Array [
            Object {
              "fontSize": 18,
              "paddingBottom": 12,
              "paddingLeft": 12,
              "paddingRight": 12,
              "paddingTop": 12,
            },
          ]
        }
      >
        Instructions: 
test Anleitung
      </Text>
    </View>
  </View>
</RCTScrollView>
`;
