// Jest Snapshot v1, https://goo.gl/fbAQLP

exports[`RecipesPage Snapshot Test 1`] = `
<View
  style={
    Array [
      Object {
        "height": "100%",
      },
    ]
  }
>
  <View
    style={
      Object {
        "display": "flex",
        "justifyContent": "center",
        "marginVertical": 12,
      }
    }
  >
    <Text
      style={
        Object {
          "fontSize": 50,
          "textAlign": "center",
        }
      }
    >
      test-title
    </Text>
  </View>
  <View
    style={
      Array [
        Object {
          "height": "88%",
        },
      ]
    }
  >
    <RCTScrollView
      data={
        Array [
          Object {
            "averageRating": 3.8,
            "id": "1",
            "owner": Object {
              "id": "1",
              "name": "me",
            },
            "ratingCount": 3,
            "thumbnail": Object {
              "id": "1",
              "url": "thumbnail-url-1",
            },
            "title": "test-title-1",
          },
          Object {
            "averageRating": 4.1,
            "id": "2",
            "owner": Object {
              "id": "2",
              "name": "you",
            },
            "ratingCount": 16,
            "thumbnail": Object {
              "id": "2",
              "url": "thumbnail-url-2",
            },
            "title": "test-title-2",
          },
        ]
      }
      getItem={[Function]}
      getItemCount={[Function]}
      keyExtractor={[Function]}
      onContentSizeChange={[Function]}
      onEndReached={[Function]}
      onLayout={[Function]}
      onMomentumScrollBegin={[Function]}
      onMomentumScrollEnd={[Function]}
      onScroll={[Function]}
      onScrollBeginDrag={[Function]}
      onScrollEndDrag={[Function]}
      removeClippedSubviews={false}
      renderItem={[Function]}
      scrollEventThrottle={50}
      stickyHeaderIndices={Array []}
      viewabilityConfigCallbackPairs={Array []}
    >
      <View>
        <View
          onLayout={[Function]}
          style={null}
        >
          <View
            accessible={true}
            collapsable={false}
            focusable={true}
            onClick={[Function]}
            onResponderGrant={[Function]}
            onResponderMove={[Function]}
            onResponderRelease={[Function]}
            onResponderTerminate={[Function]}
            onResponderTerminationRequest={[Function]}
            onStartShouldSetResponder={[Function]}
            style={
              Object {
                "alignItems": "center",
                "borderColor": "#222",
                "borderRadius": 10,
                "borderStyle": "solid",
                "borderWidth": 2,
                "display": "flex",
                "flexDirection": "row",
                "height": 120,
                "marginBottom": 12,
                "marginLeft": 12,
                "marginRight": 12,
                "marginTop": 12,
                "opacity": 1,
                "paddingBottom": 12,
                "paddingLeft": 12,
                "paddingRight": 12,
                "paddingTop": 12,
              }
            }
          >
            <Image
              source={
                Object {
                  "uri": "thumbnail-url-1",
                }
              }
              style={
                Array [
                  Object {
                    "backgroundColor": "#68a0cf",
                    "borderColor": "#fff",
                    "borderRadius": 10,
                    "borderWidth": 1,
                    "height": 100,
                    "paddingBottom": 20,
                    "paddingTop": 20,
                    "width": 100,
                  },
                ]
              }
            />
            <Text
              ellipsizeMode="middle"
              numberOfLines={2}
              style={
                Array [
                  Object {
                    "fontSize": 24,
                    "marginLeft": 12,
                    "maxWidth": "70%",
                    "textAlign": "center",
                  },
                ]
              }
            >
              test-title-1
            </Text>
          </View>
        </View>
        <View
          onLayout={[Function]}
          style={null}
        >
          <View
            accessible={true}
            collapsable={false}
            focusable={true}
            onClick={[Function]}
            onResponderGrant={[Function]}
            onResponderMove={[Function]}
            onResponderRelease={[Function]}
            onResponderTerminate={[Function]}
            onResponderTerminationRequest={[Function]}
            onStartShouldSetResponder={[Function]}
            style={
              Object {
                "alignItems": "center",
                "borderColor": "#222",
                "borderRadius": 10,
                "borderStyle": "solid",
                "borderWidth": 2,
                "display": "flex",
                "flexDirection": "row",
                "height": 120,
                "marginBottom": 12,
                "marginLeft": 12,
                "marginRight": 12,
                "marginTop": 12,
                "opacity": 1,
                "paddingBottom": 12,
                "paddingLeft": 12,
                "paddingRight": 12,
                "paddingTop": 12,
              }
            }
          >
            <Image
              source={
                Object {
                  "uri": "thumbnail-url-2",
                }
              }
              style={
                Array [
                  Object {
                    "backgroundColor": "#68a0cf",
                    "borderColor": "#fff",
                    "borderRadius": 10,
                    "borderWidth": 1,
                    "height": 100,
                    "paddingBottom": 20,
                    "paddingTop": 20,
                    "width": 100,
                  },
                ]
              }
            />
            <Text
              ellipsizeMode="middle"
              numberOfLines={2}
              style={
                Array [
                  Object {
                    "fontSize": 24,
                    "marginLeft": 12,
                    "maxWidth": "70%",
                    "textAlign": "center",
                  },
                ]
              }
            >
              test-title-2
            </Text>
          </View>
        </View>
      </View>
    </RCTScrollView>
  </View>
</View>
`;
