// Jest Snapshot v1, https://goo.gl/fbAQLP

exports[`ErrorText Test ErrorText Test 1`] = `
<Text
  style={
    Array [
      Object {
        "color": "red",
      },
    ]
  }
>
  Text-Text
</Text>
`;
