// Jest Snapshot v1, https://goo.gl/fbAQLP

exports[`MultiListItemImage All Test 1`] = `
<Image
  source={
    Object {
      "testUri": "../../../resources/platzhalter.png",
    }
  }
  style={
    Array [
      Object {
        "backgroundColor": "#68a0cf",
        "borderColor": "#fff",
        "borderRadius": 10,
        "borderWidth": 1,
        "height": 100,
        "paddingBottom": 20,
        "paddingTop": 20,
        "width": 100,
      },
    ]
  }
/>
`;

exports[`MultiListItemImage Heart Test 1`] = `
<Text
  allowFontScaling={false}
  style={
    Array [
      Object {
        "color": "#FF0000",
        "fontSize": 100,
      },
      undefined,
      Object {
        "fontFamily": "Feather",
        "fontStyle": "normal",
        "fontWeight": "normal",
      },
      Object {},
    ]
  }
>
  
</Text>
`;
