// Jest Snapshot v1, https://goo.gl/fbAQLP

exports[`AuthProvider Snapshot 1`] = `
<div>
  Test children
</div>
`;
